// Jest Snapshot v1, https://goo.gl/fbAQLP

exports[`testing DownloadModal rendering renders correctly when closed 1`] = `
<body
  style=""
>
  <div>
     
  </div>
</body>
`;

exports[`testing DownloadModal rendering renders correctly when open 1`] = `
<body
  style="padding-right: 1024px; overflow: hidden;"
>
  <div
    aria-hidden="true"
  >
     
     
  </div>
  <div
    class="MuiModal-root css-79ws1d-MuiModal-root"
    role="presentation"
  >
    <div
      aria-hidden="true"
      class="MuiBackdrop-root css-i9fmh8-MuiBackdrop-root-MuiModal-backdrop"
      style="opacity: 1; webkit-transition: opacity 225ms cubic-bezier(0.4, 0, 0.2, 1) 0ms; transition: opacity 225ms cubic-bezier(0.4, 0, 0.2, 1) 0ms;"
    />
    <div
      data-test="sentinelStart"
      tabindex="0"
    />
    <div
      class="MuiPaper-root MuiPaper-elevation MuiPaper-rounded MuiPaper-elevation1 MuiCard-root css-1on1d5p-MuiPaper-root-MuiCard-root"
      tabindex="-1"
    >
      <div
        class="MuiCardHeader-root css-185gdzj-MuiCardHeader-root"
      >
        <div
          class="MuiCardHeader-content css-1qbkelo-MuiCardHeader-content"
        >
          <span
            class="MuiTypography-root MuiTypography-h5 MuiCardHeader-title css-1qvr50w-MuiTypography-root"
          >
            Download Plot
          </span>
        </div>
        <div
          class="MuiCardHeader-action css-sgoict-MuiCardHeader-action"
        >
          <button
            aria-label="close"
            class="MuiButtonBase-root MuiIconButton-root MuiIconButton-sizeMedium css-78trlr-MuiButtonBase-root-MuiIconButton-root"
            data-testid="DownloadModal-close"
            tabindex="0"
            type="button"
          >
            <svg
              aria-hidden="true"
              class="MuiSvgIcon-root MuiSvgIcon-fontSizeMedium css-i4bv87-MuiSvgIcon-root"
              data-testid="CloseIcon"
              focusable="false"
              viewBox="0 0 24 24"
            >
              <path
                d="M19 6.41 17.59 5 12 10.59 6.41 5 5 6.41 10.59 12 5 17.59 6.41 19 12 13.41 17.59 19 19 17.59 13.41 12z"
              />
            </svg>
            <span
              class="MuiTouchRipple-root css-8je8zh-MuiTouchRipple-root"
            />
          </button>
        </div>
      </div>
      <div
        class="MuiCardContent-root css-46bh2p-MuiCardContent-root"
      >
        <div
          class="MuiFormControl-root css-1nrlq1o-MuiFormControl-root"
          style="width: 100%; min-width: 150px;"
        >
          <label
            class="MuiInputLabel-root MuiInputLabel-formControl MuiInputLabel-animated MuiInputLabel-outlined MuiFormLabel-root MuiFormLabel-colorPrimary css-14s5rfu-MuiFormLabel-root-MuiInputLabel-root"
            data-shrink="false"
            id="formatSelectLabel"
          >
            Format
          </label>
          <div
            class="MuiOutlinedInput-root MuiInputBase-root MuiInputBase-colorPrimary MuiInputBase-formControl css-9ddj71-MuiInputBase-root-MuiOutlinedInput-root"
          >
            <div
              aria-expanded="false"
              aria-haspopup="listbox"
              aria-labelledby="formatSelectLabel formatSelection"
              class="MuiSelect-select MuiSelect-outlined MuiOutlinedInput-input MuiInputBase-input css-11u53oe-MuiSelect-select-MuiInputBase-input-MuiOutlinedInput-input"
              id="formatSelection"
              role="button"
              tabindex="0"
            >
              <span
                class="notranslate"
              >
                â€‹
              </span>
            </div>
            <input
              aria-hidden="true"
              class="MuiSelect-nativeInput css-yf8vq0-MuiSelect-nativeInput"
              data-testid="DownloadModal-select-file-format"
              tabindex="-1"
              value=""
            />
            <svg
              aria-hidden="true"
              class="MuiSvgIcon-root MuiSvgIcon-fontSizeMedium MuiSelect-icon MuiSelect-iconOutlined css-hfutr2-MuiSvgIcon-root-MuiSelect-icon"
              data-testid="ArrowDropDownIcon"
              focusable="false"
              viewBox="0 0 24 24"
            >
              <path
                d="M7 10l5 5 5-5z"
              />
            </svg>
            <fieldset
              aria-hidden="true"
              class="MuiOutlinedInput-notchedOutline css-1d3z3hw-MuiOutlinedInput-notchedOutline"
            >
              <legend
                class="css-173wfxe"
              >
                <span>
                  format
                </span>
              </legend>
            </fieldset>
          </div>
        </div>
      </div>
      <div
        class="MuiCardActions-root MuiCardActions-spacing css-19l6csj-MuiCardActions-root"
      >
        <button
          class="MuiButton-root MuiButton-contained MuiButton-containedPrimary MuiButton-sizeMedium MuiButton-containedSizeMedium MuiButtonBase-root Mui-disabled  css-sghohy-MuiButtonBase-root-MuiButton-root"
          data-testid="DownloadModal-download-plot"
          disabled=""
          tabindex="-1"
          type="button"
        >
          <p
            class="MuiTypography-root MuiTypography-body1 css-ahj2mt-MuiTypography-root"
          >
            Download
          </p>
        </button>
      </div>
    </div>
    <div
      data-test="sentinelEnd"
      tabindex="0"
    />
  </div>
</body>
`;
