// Jest Snapshot v1, https://goo.gl/fbAQLP

exports[`test CookieConsentModal component rendering renders as expected 1`] = `
<body
  style="padding-right: 1024px; overflow: hidden;"
>
  <div
    aria-hidden="true"
  />
  <div
    class="MuiModal-root css-79ws1d-MuiModal-root"
    role="presentation"
  >
    <div
      aria-hidden="true"
      class="MuiBackdrop-root css-i9fmh8-MuiBackdrop-root-MuiModal-backdrop"
      style="opacity: 1; webkit-transition: opacity 225ms cubic-bezier(0.4, 0, 0.2, 1) 0ms; transition: opacity 225ms cubic-bezier(0.4, 0, 0.2, 1) 0ms;"
    />
    <div
      data-test="sentinelStart"
      tabindex="0"
    />
    <div
      class="MuiPaper-root MuiPaper-elevation MuiPaper-rounded MuiPaper-elevation1 MuiCard-root css-1xb2fui-MuiPaper-root-MuiCard-root"
      tabindex="-1"
    >
      <div
        class="MuiGrid-root MuiGrid-container MuiGrid-direction-xs-column css-1vpwcmr-MuiGrid-root"
      >
        <div
          class="MuiGrid-root MuiGrid-item css-ll0v7f-MuiGrid-root"
        >
          <svg
            aria-hidden="true"
            class="MuiSvgIcon-root MuiSvgIcon-fontSizeMedium css-5jyhtf-MuiSvgIcon-root"
            data-testid="CookieOutlinedIcon"
            focusable="false"
            viewBox="0 0 24 24"
          >
            <circle
              cx="10.5"
              cy="8.5"
              r="1.5"
            />
            <circle
              cx="8.5"
              cy="13.5"
              r="1.5"
            />
            <circle
              cx="15"
              cy="15"
              r="1"
            />
            <path
              d="M21.95 10.99c-1.79-.03-3.7-1.95-2.68-4.22-2.97 1-5.78-1.59-5.19-4.56C7.11.74 2 6.41 2 12c0 5.52 4.48 10 10 10 5.89 0 10.54-5.08 9.95-11.01zM12 20c-4.41 0-8-3.59-8-8 0-3.31 2.73-8.18 8.08-8.02.42 2.54 2.44 4.56 4.99 4.94.07.36.52 2.55 2.92 3.63C19.7 16.86 16.06 20 12 20z"
            />
          </svg>
        </div>
        <div
          class="MuiGrid-root MuiGrid-item css-f5ifb1-MuiGrid-root"
        >
          <h3
            class="MuiTypography-root MuiTypography-h3 css-47suzj-MuiTypography-root"
          >
            <b>
              We Use Cookies!
            </b>
          </h3>
          <br />
          <p
            class="MuiTypography-root MuiTypography-body1 css-ahj2mt-MuiTypography-root"
          >
            By using this website, you automatically accept that we use cookies.
          </p>
        </div>
        <div
          class="MuiGrid-root MuiGrid-item css-lc1qsq-MuiGrid-root"
        >
          <button
            class="MuiButton-root MuiButton-outlined MuiButton-outlinedPrimary MuiButton-sizeMedium MuiButton-outlinedSizeMedium MuiButtonBase-root  css-123d5lk-MuiButtonBase-root-MuiButton-root"
            data-testid="CookieConsentModal-disagree-btn"
            tabindex="0"
            type="button"
          >
            Disagree
            <span
              class="MuiTouchRipple-root css-8je8zh-MuiTouchRipple-root"
            />
          </button>
          <button
            class="MuiButton-root MuiButton-contained MuiButton-containedPrimary MuiButton-sizeMedium MuiButton-containedSizeMedium MuiButtonBase-root  css-sghohy-MuiButtonBase-root-MuiButton-root"
            data-testid="CookieConsentModal-agree-btn"
            tabindex="0"
            type="button"
          >
            Agree
            <span
              class="MuiTouchRipple-root css-8je8zh-MuiTouchRipple-root"
            />
          </button>
        </div>
      </div>
    </div>
    <div
      data-test="sentinelEnd"
      tabindex="0"
    />
  </div>
</body>
`;
