// Jest Snapshot v1, https://goo.gl/fbAQLP

exports[`renders correctly 1`] = `
<DocumentFragment>
  <div
    id="Navbar"
  >
    <header
      class="MuiPaper-root MuiPaper-elevation MuiPaper-elevation4 MuiAppBar-root MuiAppBar-colorPrimary MuiAppBar-positionStatic css-18lypu8-MuiPaper-root-MuiAppBar-root"
      data-testid="Navbar"
    >
      <div
        class="MuiContainer-root MuiContainer-disableGutters css-td5xp0-MuiContainer-root"
      >
        <div
          class="MuiToolbar-root MuiToolbar-regular css-1cndkqf-MuiToolbar-root"
          data-testid="Toolbar_Navbar"
        >
          <div
            class="MuiGrid-root MuiGrid-container css-zvblfl-MuiGrid-root"
          >
            <div
              class="MuiGrid-root MuiGrid-item MuiGrid-grid-xs-8 css-vok43g-MuiGrid-root"
            >
              <a
                class="MuiTypography-root MuiTypography-inherit MuiTypography-noWrap MuiLink-root MuiLink-underlineAlways css-2grxvj-MuiTypography-root-MuiLink-root"
                data-testid="logo-container"
                href="#page-top"
              >
                <div
                  class="MuiGrid-root MuiGrid-container css-1e0cb12-MuiGrid-root"
                >
                  <img
                    alt="logo"
                    data-testid="logo-image"
                    src="https://o3as.data.kit.edu/img/logos/o3as-logo.svg"
                    style="height: 4em; margin: 0.5em;"
                  />
                  <h6
                    class="MuiTypography-root MuiTypography-h6 MuiTypography-noWrap css-154cv3q-MuiTypography-root"
                    data-testid="logo-text"
                  >
                    O3as: Webapp
                  </h6>
                </div>
              </a>
            </div>
            <div
              class="MuiGrid-root MuiGrid-item css-13i4rnv-MuiGrid-root"
            >
              <button
                class="MuiButton-root MuiButton-text MuiButton-textPrimary MuiButton-sizeMedium MuiButton-textSizeMedium MuiButtonBase-root  css-p064m1-MuiButtonBase-root-MuiButton-root"
                tabindex="0"
                type="button"
              >
                <p
                  class="MuiTypography-root MuiTypography-body1 css-ahj2mt-MuiTypography-root"
                >
                  Edit Graph 
                  <svg
                    aria-hidden="true"
                    class="MuiSvgIcon-root MuiSvgIcon-fontSizeMedium css-1ej1pre-MuiSvgIcon-root"
                    data-testid="EditIcon"
                    focusable="false"
                    viewBox="0 0 24 24"
                  >
                    <path
                      d="M3 17.25V21h3.75L17.81 9.94l-3.75-3.75L3 17.25zM20.71 7.04c.39-.39.39-1.02 0-1.41l-2.34-2.34a.9959.9959 0 0 0-1.41 0l-1.83 1.83 3.75 3.75 1.83-1.83z"
                    />
                  </svg>
                </p>
                <span
                  class="MuiTouchRipple-root css-8je8zh-MuiTouchRipple-root"
                />
              </button>
            </div>
          </div>
        </div>
      </div>
    </header>
  </div>
</DocumentFragment>
`;
